<html>
<body>
<pre>
<h1>µVision Build Log</h1>
<h2>Tool Versions:</h2>
IDE-Version: ¦ÌVision V5.33.0.0
Copyright (C) 2020 ARM Ltd and ARM Germany GmbH. All rights reserved.
License Information: zhong zhong, zhong, LIC=W96CK-ZAMQL-JPZZQ-NDERW-TJ5C6-IS6QF
 
Tool Versions:
Toolchain:       MDK-ARM Professional  Version: 5.33.0.0
Toolchain Path:  C:\Keil_v5\ARM\ARMCLANG\Bin
C Compiler:      ArmClang.exe V6.15
Assembler:       Armasm.exe V6.15
Linker/Locator:  ArmLink.exe V6.15
Library Manager: ArmAr.exe V6.15
Hex Converter:   FromElf.exe V6.15
CPU DLL:         SARMCM3.DLL V5.33.0.0
Dialog DLL:      DCM.DLL V1.17.3.0
Target DLL:      CMSIS_AGDI.dll V1.32.12.0
Dialog DLL:      TCM.DLL V1.48.0.0
 
<h2>Project:</h2>
C:\Users\netube\Desktop\NETUBE\Oscar\Program\Project Template\Keil\Project.uvprojx
Project File Date:  01/30/2021

<h2>Output:</h2>
*** Using Compiler 'V6.15', folder: 'C:\Keil_v5\ARM\ARMCLANG\Bin'
Rebuild target 'Target'
compiling bsp.c...
compiling main.c...
compiling systick.c...
compiling gd32f1x0_it.c...
compiling bsp_uart.c...
compiling uio.c...
compiling system_gd32f1x0.c...
compiling ring_buffer.c...
compiling gd32f1x0_can.c...
assembling startup_gd32f1x0.s...
compiling gd32f1x0_adc.c...
compiling gd32f1x0_cec.c...
compiling gd32f1x0_cmp.c...
compiling gd32f1x0_crc.c...
compiling gd32f1x0_dbg.c...
compiling gd32f1x0_dac.c...
compiling gd32f1x0_dma.c...
compiling gd32f1x0_exti.c...
compiling gd32f1x0_fwdgt.c...
compiling gd32f1x0_gpio.c...
compiling gd32f1x0_ivref.c...
compiling gd32f1x0_i2c.c...
compiling gd32f1x0_misc.c...
compiling gd32f1x0_opa.c...
compiling gd32f1x0_pmu.c...
compiling gd32f1x0_fmc.c...
compiling gd32f1x0_slcd.c...
compiling gd32f1x0_rtc.c...
compiling gd32f1x0_rcu.c...
compiling gd32f1x0_spi.c...
compiling gd32f1x0_syscfg.c...
compiling gd32f1x0_tsi.c...
compiling gd32f1x0_wwdgt.c...
compiling gd32f1x0_timer.c...
compiling gd32f1x0_usart.c...
linking...
Program Size: Code=3990 RO-data=402 RW-data=4 ZI-data=1348  
FromELF: creating hex file...
".\Objects\Project.axf" - 0 Error(s), 0 Warning(s).

<h2>Software Packages used:</h2>

Package Vendor: GigaDevice
                http://gd32mcu.21ic.com/data/documents/yingyongruanjian/GigaDevice.GD32F1x0_DFP.3.2.0.pack
                GigaDevice.GD32F1x0_DFP.3.2.0
                GigaDevice GD32F1x0 Series Device Support and Examples

<h2>Collection of Component include folders:</h2>
  C:\Users\netube\AppData\Local\Arm\Packs\GigaDevice\GD32F1x0_DFP\3.2.0\Device\Include

<h2>Collection of Component Files used:</h2>
Build Time Elapsed:  00:00:06
</pre>
</body>
</html>
